Looking at proper-derived.containerinfo
Tag: opensuse/example:latest
Tag: opensuse/example:5.7
Tag: opensuse/example:5.7.7.21
Release: 7.21
Detected image specific label prefix: org.opensuse.example

container-build-checks done. Hints: 0 Warnings: 0 Errors: 0
Exited with 0
